
/home/runner/work/exp-lstm-sentiment-dei/exp-lstm-sentiment-dei/experiment/simulation/interactive/js/script.js
   72:10  warning  'switchTab' is defined but never used            no-unused-vars
  125:26  warning  'Chart' is not defined                           no-undef
  185:26  warning  'i' is defined but never used                    no-unused-vars
  221:16  warning  'runBackpropPulse' is defined but never used     no-unused-vars
  237:10  warning  'loadStressTest' is defined but never used       no-unused-vars
  257:10  warning  'resetSim1' is defined but never used            no-unused-vars
  369:10  warning  'injectSentiment' is defined but never used      no-unused-vars
  398:10  warning  'applyPreset' is defined but never used          no-unused-vars
  411:10  warning  'resetSim2' is defined but never used            no-unused-vars
  429:26  warning  'Chart' is not defined                           no-undef
  467:26  warning  'i' is defined but never used                    no-unused-vars
  539:10  warning  'toggleSim3Model' is defined but never used      no-unused-vars
  549:10  warning  'insertNot' is defined but never used            no-unused-vars
  560:16  warning  'processSim3Animated' is defined but never used  no-unused-vars
  569:10  warning  'resetSim3' is defined but never used            no-unused-vars
  607:16  warning  'Chart' is not defined                           no-undef
  623:10  warning  'startSim4Training' is defined but never used    no-unused-vars
  678:10  warning  'resetSim4' is defined but never used            no-unused-vars
  767:29  warning  'Chart' is not defined                           no-undef
  790:10  warning  'toggleAttModel' is defined but never used       no-unused-vars
  804:10  warning  'resetSim5' is defined but never used            no-unused-vars
  835:27  warning  'Chart' is not defined                           no-undef
  856:20  warning  'Chart' is not defined                           no-undef
  877:19  warning  'Chart' is not defined                           no-undef

/home/runner/work/exp-lstm-sentiment-dei/exp-lstm-sentiment-dei/experiment/simulation/js/data.js
  6:7  warning  'EXPERIMENT_DATA' is assigned a value but never used  no-unused-vars

/home/runner/work/exp-lstm-sentiment-dei/exp-lstm-sentiment-dei/experiment/simulation/js/main.js
  229:33  warning  'EXPERIMENT_DATA' is not defined  no-undef
  233:33  warning  'EXPERIMENT_DATA' is not defined  no-undef
  237:33  warning  'EXPERIMENT_DATA' is not defined  no-undef
  246:33  warning  'EXPERIMENT_DATA' is not defined  no-undef
  250:33  warning  'EXPERIMENT_DATA' is not defined  no-undef
  254:33  warning  'EXPERIMENT_DATA' is not defined  no-undef
  263:33  warning  'EXPERIMENT_DATA' is not defined  no-undef
  267:33  warning  'EXPERIMENT_DATA' is not defined  no-undef
  271:33  warning  'EXPERIMENT_DATA' is not defined  no-undef

/home/runner/work/exp-lstm-sentiment-dei/exp-lstm-sentiment-dei/experiment/simulation/notebook/js/data.js
  6:7  warning  'EXPERIMENT_DATA' is assigned a value but never used  no-unused-vars

/home/runner/work/exp-lstm-sentiment-dei/exp-lstm-sentiment-dei/experiment/simulation/notebook/js/main.js
  229:33  warning  'EXPERIMENT_DATA' is not defined  no-undef
  233:33  warning  'EXPERIMENT_DATA' is not defined  no-undef
  237:33  warning  'EXPERIMENT_DATA' is not defined  no-undef
  246:33  warning  'EXPERIMENT_DATA' is not defined  no-undef
  250:33  warning  'EXPERIMENT_DATA' is not defined  no-undef
  254:33  warning  'EXPERIMENT_DATA' is not defined  no-undef
  263:33  warning  'EXPERIMENT_DATA' is not defined  no-undef
  267:33  warning  'EXPERIMENT_DATA' is not defined  no-undef
  271:33  warning  'EXPERIMENT_DATA' is not defined  no-undef

✖ 44 problems (0 errors, 44 warnings)

