=/pretest.json
{
  _: [],
  f: [
    '/Users/adbhutsatsangi/project/DL-VLabs/exp-lstm-sentiment-dei/experiment/pretest.json'
  ],
  files: [
    '/Users/adbhutsatsangi/project/DL-VLabs/exp-lstm-sentiment-dei/experiment/pretest.json'
  ],
  c: 'assessment',
  contentTypes: 'assessment',
  'content-types': 'assessment',
  '$0': 'validate'
}
Validated true
=/posttest.json
{
  _: [],
  f: [
    '/Users/adbhutsatsangi/project/DL-VLabs/exp-lstm-sentiment-dei/experiment/posttest.json'
  ],
  files: [
    '/Users/adbhutsatsangi/project/DL-VLabs/exp-lstm-sentiment-dei/experiment/posttest.json'
  ],
  c: 'assessment',
  contentTypes: 'assessment',
  'content-types': 'assessment',
  '$0': 'validate'
}
Validated true
